Streaming transaction logs mentioning BKe6X1Bqwju9XgPkbUjGx1tbKARgsJXrBxhkUoZ5kSHT. Confirmed commitment
Transaction executed in slot 409319865:
  Signature: 3Javn1QB8BSKQ4E2QWiHeqTaqrJho4pQVwbRFDQcTWGZJz8CMxzjbT2r6fWpaNjugY6kGKBH5f7sEfS5H1dAyfg8
  Status: Ok
  Log Messages:
    Program BKe6X1Bqwju9XgPkbUjGx1tbKARgsJXrBxhkUoZ5kSHT invoke [1]
    Program log: Instruction: Buy
    Program log: Trying to buy from the pool
    Program log: Treasury (pool creator): 5ufkqiemfB2TrJ7pVXEaGjGP9ArXdCNgbsccLLrSvqZA
    Program log: Creator pubkey: 5ufkqiemfB2TrJ7pVXEaGjGP9ArXdCNgbsccLLrSvqZA
    Program log: reserve fee in sol 122
    Program log: fee in sol 12299
    Program log: User pays total: 1242349
    Program 11111111111111111111111111111111 invoke [2]
    Program 11111111111111111111111111111111 success
    Program TokenkegQfeZyiNwAJbNbGKPFXCWuBvf9Ss623VQ5DA invoke [2]
    Program log: Instruction: TransferChecked
    Program TokenkegQfeZyiNwAJbNbGKPFXCWuBvf9Ss623VQ5DA consumed 6173 of 145448 compute units
    Program TokenkegQfeZyiNwAJbNbGKPFXCWuBvf9Ss623VQ5DA success
    Program BKe6X1Bqwju9XgPkbUjGx1tbKARgsJXrBxhkUoZ5kSHT consumed 63055 of 200000 compute units
    Program BKe6X1Bqwju9XgPkbUjGx1tbKARgsJXrBxhkUoZ5kSHT success
